2026-08-18 21:21:45 | INFO     | onebot_server.logger:init_logger:79 - 日志系统初始化完成 | 级别=INFO | 目录=logs
2026-08-18 21:21:45 | INFO     | onebot_server.server:_load_custom_mixin:184 - [Server] 加载自定义 Mixin: LogMixin
2026-08-18 21:21:45 | INFO     | onebot_server.server:_load_custom_mixin:184 - [Server] 加载自定义 Mixin: BackupMixin
2026-08-18 21:21:45 | INFO     | onebot_server.server:_load_custom_mixin:184 - [Server] 加载自定义 Mixin: ConsoleMixin
2026-08-18 21:21:45 | INFO     | onebot_server.server:_load_custom_mixin:184 - [Server] 加载自定义 Mixin: TaskMixin
2026-08-18 21:21:45 | INFO     | onebot_server.server:__init__:114 - ==================================================
2026-08-18 21:21:45 | INFO     | onebot_server.server:__init__:115 -   OneBot 11 Server 初始化完成
2026-08-18 21:21:45 | INFO     | onebot_server.server:__init__:116 -   监听: 0.0.0.0:8765
2026-08-18 21:21:45 | INFO     | onebot_server.server:__init__:117 -   Mixin: 4 个
2026-08-18 21:21:45 | INFO     | onebot_server.server:__init__:118 -   插件目录: F:\onebot11_server\onebot_server\extensions
2026-08-18 21:21:45 | INFO     | onebot_server.server:__init__:119 - ==================================================
2026-08-18 21:21:45 | INFO     | onebot_server.server:start:199 - [Server] 启动 WebSocket 服务 ws://0.0.0.0:8765/
2026-08-18 21:21:45 | INFO     | onebot_server.extension_base:ext_load:98 - [Extension] 加载: autoreply v1.0.0 — 关键词自动回复
2026-08-18 21:21:45 | INFO     | onebot_server.extension_manager:_load_one:224 - [ExtMgr] ✓ 热加载成功: autoreply (AutoReplyExtension v1.0.0)
2026-08-18 21:21:45 | INFO     | onebot_server.extension_base:ext_load:98 - [Extension] 加载: echo v1.0.0 — 复读机插件：@机器人 /echo <内容>
2026-08-18 21:21:45 | INFO     | onebot_server.extension_manager:_load_one:224 - [ExtMgr] ✓ 热加载成功: echo (EchoExtension v1.0.0)
2026-08-18 21:21:45 | INFO     | onebot_server.extension_base:ext_load:98 - [Extension] 加载: moderation v1.0.0 — 群管助手（禁言/踢人/退群，需审批）
2026-08-18 21:21:45 | INFO     | onebot_server.extension_manager:_load_one:224 - [ExtMgr] ✓ 热加载成功: moderation (ModerationExtension v1.0.0)
2026-08-18 21:21:45 | INFO     | onebot_server.extension_base:ext_load:98 - [Extension] 加载: welcome v1.0.0 — 新人入群欢迎 + 退群记录
2026-08-18 21:21:45 | INFO     | onebot_server.extension_manager:_load_one:224 - [ExtMgr] ✓ 热加载成功: welcome (WelcomeExtension v1.0.0)
2026-08-18 21:21:45 | INFO     | onebot_server.extension_manager:cold_load_all:90 - [ExtMgr] 冷加载完成: 4/4 个插件
2026-08-18 21:21:45 | INFO     | onebot_server.server:start:203 - [Server] 冷加载插件: 4 个
2026-08-18 21:21:45 | INFO     | onebot_server.extension_manager:start_watcher:305 - [ExtMgr] 文件监控已启动 (间隔 2s)
2026-08-18 21:21:45 | INFO     | onebot_server.server:start:221 - [Server] WebSocket 服务已就绪，等待 LLOneBot 连接...
2026-08-18 21:21:53 | INFO     | onebot_server.server:_handle_connection:250 - [Server] 新连接来自 ('127.0.0.1', 64848)
2026-08-18 21:21:53 | WARNING  | onebot_server.server:_check_auth:296 - [Server] 无法获取请求头，跳过鉴权
2026-08-18 21:21:53 | INFO     | onebot_server.mixin.backup_mixin:mixin_setup:61 - [BackupMixin] 初始化 | 目录=backups 保留=50
2026-08-18 21:21:53 | INFO     | onebot_server.mixin.backup_mixin:mixin_setup:61 - [BackupMixin] 初始化 | 目录=backups 保留=50
2026-08-18 21:21:53 | INFO     | onebot_server.mixin.console_mixin:mixin_setup:73 - [ConsoleMixin] 交互式控制台已启动
2026-08-18 21:21:53 | INFO     | onebot_server.mixin.task_mixin:mixin_setup:51 - [TaskMixin] 任务调度器已启动
2026-08-18 21:21:53 | INFO     | onebot_server.mixin.log_mixin:mixin_on_connect:46 - [LogMixin] WebSocket 已连接 | self_id=0
2026-08-18 21:21:53 | INFO     | onebot_server.mixin.log_mixin:mixin_on_connect:46 - [LogMixin] WebSocket 已连接 | self_id=0
2026-08-18 21:21:53 | INFO     | onebot_server.mixin.log_mixin:mixin_on_connect:46 - [LogMixin] WebSocket 已连接 | self_id=0
2026-08-18 21:21:53 | INFO     | onebot_server.mixin.log_mixin:mixin_on_connect:46 - [LogMixin] WebSocket 已连接 | self_id=0
2026-08-18 21:21:53 | INFO     | onebot_server.handler:attach_client:198 - [Handler] 连接就绪 | self_id=0
2026-08-18 21:21:53 | INFO     | onebot_server.mixin.log_mixin:_log_meta:101 - [元事件] type=lifecycle
2026-08-18 21:21:53 | INFO     | onebot_server.mixin.log_mixin:_log_meta:101 - [元事件] type=lifecycle
2026-08-18 21:21:53 | INFO     | onebot_server.mixin.log_mixin:_log_meta:101 - [元事件] type=lifecycle
2026-08-18 21:21:53 | INFO     | onebot_server.mixin.log_mixin:_log_meta:101 - [元事件] type=lifecycle
2026-08-18 21:23:23 | INFO     | onebot_server.mixin.log_mixin:_log_notice:85 - [通知] type=group_recall group=1081097838 user=3491395670
2026-08-18 21:23:23 | INFO     | onebot_server.mixin.log_mixin:_log_notice:85 - [通知] type=group_recall group=1081097838 user=3491395670
2026-08-18 21:23:23 | INFO     | onebot_server.mixin.log_mixin:_log_notice:85 - [通知] type=group_recall group=1081097838 user=3491395670
2026-08-18 21:23:23 | INFO     | onebot_server.mixin.log_mixin:_log_notice:85 - [通知] type=group_recall group=1081097838 user=3491395670
2026-08-18 21:23:24 | INFO     | onebot_server.mixin.log_mixin:_log_notice:85 - [通知] type=group_recall group=1081097838 user=2545869165
2026-08-18 21:23:24 | INFO     | onebot_server.mixin.log_mixin:_log_notice:85 - [通知] type=group_recall group=1081097838 user=2545869165
2026-08-18 21:23:24 | INFO     | onebot_server.mixin.log_mixin:_log_notice:85 - [通知] type=group_recall group=1081097838 user=2545869165
2026-08-18 21:23:24 | INFO     | onebot_server.mixin.log_mixin:_log_notice:85 - [通知] type=group_recall group=1081097838 user=2545869165
2026-08-18 21:23:47 | INFO     | onebot_server.mixin.log_mixin:_log_notice:85 - [通知] type=group_recall group=1081097838 user=595969887
2026-08-18 21:23:47 | INFO     | onebot_server.mixin.log_mixin:_log_notice:85 - [通知] type=group_recall group=1081097838 user=595969887
2026-08-18 21:23:47 | INFO     | onebot_server.mixin.log_mixin:_log_notice:85 - [通知] type=group_recall group=1081097838 user=595969887
2026-08-18 21:23:47 | INFO     | onebot_server.mixin.log_mixin:_log_notice:85 - [通知] type=group_recall group=1081097838 user=595969887
2026-08-18 21:24:26 | INFO     | onebot_server.mixin.log_mixin:_log_notice:85 - [通知] type=group_msg_emoji_like group=1081097838 user=3491395670
2026-08-18 21:24:26 | INFO     | onebot_server.mixin.log_mixin:_log_notice:85 - [通知] type=group_msg_emoji_like group=1081097838 user=3491395670
2026-08-18 21:24:26 | INFO     | onebot_server.mixin.log_mixin:_log_notice:85 - [通知] type=group_msg_emoji_like group=1081097838 user=3491395670
2026-08-18 21:24:26 | INFO     | onebot_server.mixin.log_mixin:_log_notice:85 - [通知] type=group_msg_emoji_like group=1081097838 user=3491395670
2026-08-18 21:25:02 | INFO     | onebot_server.mixin.log_mixin:_log_notice:85 - [通知] type=group_msg_emoji_like group=1081097838 user=3491395670
2026-08-18 21:25:02 | INFO     | onebot_server.mixin.log_mixin:_log_notice:85 - [通知] type=group_msg_emoji_like group=1081097838 user=3491395670
2026-08-18 21:25:02 | INFO     | onebot_server.mixin.log_mixin:_log_notice:85 - [通知] type=group_msg_emoji_like group=1081097838 user=3491395670
2026-08-18 21:25:02 | INFO     | onebot_server.mixin.log_mixin:_log_notice:85 - [通知] type=group_msg_emoji_like group=1081097838 user=3491395670
2026-08-18 21:25:05 | INFO     | onebot_server.mixin.log_mixin:_log_notice:85 - [通知] type=group_msg_emoji_like group=1081097838 user=3491395670
2026-08-18 21:25:05 | INFO     | onebot_server.mixin.log_mixin:_log_notice:85 - [通知] type=group_msg_emoji_like group=1081097838 user=3491395670
2026-08-18 21:25:05 | INFO     | onebot_server.mixin.log_mixin:_log_notice:85 - [通知] type=group_msg_emoji_like group=1081097838 user=3491395670
2026-08-18 21:25:05 | INFO     | onebot_server.mixin.log_mixin:_log_notice:85 - [通知] type=group_msg_emoji_like group=1081097838 user=3491395670
2026-08-18 21:25:26 | INFO     | onebot_server.mixin.log_mixin:_log_notice:85 - [通知] type=group_msg_emoji_like group=1081097838 user=3771769526
2026-08-18 21:25:26 | INFO     | onebot_server.mixin.log_mixin:_log_notice:85 - [通知] type=group_msg_emoji_like group=1081097838 user=3771769526
2026-08-18 21:25:26 | INFO     | onebot_server.mixin.log_mixin:_log_notice:85 - [通知] type=group_msg_emoji_like group=1081097838 user=3771769526
2026-08-18 21:25:26 | INFO     | onebot_server.mixin.log_mixin:_log_notice:85 - [通知] type=group_msg_emoji_like group=1081097838 user=3771769526
2026-08-18 21:25:33 | INFO     | onebot_server.mixin.log_mixin:_log_notice:85 - [通知] type=group_msg_emoji_like group=1081097838 user=1610915093
2026-08-18 21:25:33 | INFO     | onebot_server.mixin.log_mixin:_log_notice:85 - [通知] type=group_msg_emoji_like group=1081097838 user=1610915093
2026-08-18 21:25:33 | INFO     | onebot_server.mixin.log_mixin:_log_notice:85 - [通知] type=group_msg_emoji_like group=1081097838 user=1610915093
2026-08-18 21:25:33 | INFO     | onebot_server.mixin.log_mixin:_log_notice:85 - [通知] type=group_msg_emoji_like group=1081097838 user=1610915093
2026-08-18 21:25:43 | INFO     | onebot_server.mixin.log_mixin:_log_notice:85 - [通知] type=group_msg_emoji_like group=1081097838 user=3491395670
2026-08-18 21:25:43 | INFO     | onebot_server.mixin.log_mixin:_log_notice:85 - [通知] type=group_msg_emoji_like group=1081097838 user=3491395670
2026-08-18 21:25:43 | INFO     | onebot_server.mixin.log_mixin:_log_notice:85 - [通知] type=group_msg_emoji_like group=1081097838 user=3491395670
2026-08-18 21:25:43 | INFO     | onebot_server.mixin.log_mixin:_log_notice:85 - [通知] type=group_msg_emoji_like group=1081097838 user=3491395670
2026-08-18 21:26:25 | INFO     | onebot_server.mixin.log_mixin:_log_notice:85 - [通知] type=group_msg_emoji_like group=1081097838 user=3771769526
2026-08-18 21:26:25 | INFO     | onebot_server.mixin.log_mixin:_log_notice:85 - [通知] type=group_msg_emoji_like group=1081097838 user=3771769526
2026-08-18 21:26:25 | INFO     | onebot_server.mixin.log_mixin:_log_notice:85 - [通知] type=group_msg_emoji_like group=1081097838 user=3771769526
2026-08-18 21:26:25 | INFO     | onebot_server.mixin.log_mixin:_log_notice:85 - [通知] type=group_msg_emoji_like group=1081097838 user=3771769526
2026-08-18 21:27:12 | INFO     | onebot_server.mixin.log_mixin:_log_notice:85 - [通知] type=group_msg_emoji_like group=1081097838 user=3762491067
2026-08-18 21:27:12 | INFO     | onebot_server.mixin.log_mixin:_log_notice:85 - [通知] type=group_msg_emoji_like group=1081097838 user=3762491067
2026-08-18 21:27:12 | INFO     | onebot_server.mixin.log_mixin:_log_notice:85 - [通知] type=group_msg_emoji_like group=1081097838 user=3762491067
2026-08-18 21:27:12 | INFO     | onebot_server.mixin.log_mixin:_log_notice:85 - [通知] type=group_msg_emoji_like group=1081097838 user=3762491067
2026-08-18 21:27:12 | INFO     | onebot_server.mixin.log_mixin:_log_notice:85 - [通知] type=group_msg_emoji_like group=1081097838 user=3771769526
2026-08-18 21:27:12 | INFO     | onebot_server.mixin.log_mixin:_log_notice:85 - [通知] type=group_msg_emoji_like group=1081097838 user=3771769526
2026-08-18 21:27:12 | INFO     | onebot_server.mixin.log_mixin:_log_notice:85 - [通知] type=group_msg_emoji_like group=1081097838 user=3771769526
2026-08-18 21:27:12 | INFO     | onebot_server.mixin.log_mixin:_log_notice:85 - [通知] type=group_msg_emoji_like group=1081097838 user=3771769526
2026-08-18 21:30:31 | INFO     | onebot_server.mixin.log_mixin:_log_notice:85 - [通知] type=group_msg_emoji_like group=1081097838 user=3771769526
2026-08-18 21:30:31 | INFO     | onebot_server.mixin.log_mixin:_log_notice:85 - [通知] type=group_msg_emoji_like group=1081097838 user=3771769526
2026-08-18 21:30:31 | INFO     | onebot_server.mixin.log_mixin:_log_notice:85 - [通知] type=group_msg_emoji_like group=1081097838 user=3771769526
2026-08-18 21:30:31 | INFO     | onebot_server.mixin.log_mixin:_log_notice:85 - [通知] type=group_msg_emoji_like group=1081097838 user=3771769526
2026-08-18 21:30:31 | INFO     | onebot_server.mixin.log_mixin:_log_notice:85 - [通知] type=group_msg_emoji_like group=1081097838 user=3762491067
2026-08-18 21:30:31 | INFO     | onebot_server.mixin.log_mixin:_log_notice:85 - [通知] type=group_msg_emoji_like group=1081097838 user=3762491067
2026-08-18 21:30:31 | INFO     | onebot_server.mixin.log_mixin:_log_notice:85 - [通知] type=group_msg_emoji_like group=1081097838 user=3762491067
2026-08-18 21:30:31 | INFO     | onebot_server.mixin.log_mixin:_log_notice:85 - [通知] type=group_msg_emoji_like group=1081097838 user=3762491067
2026-08-18 21:30:41 | INFO     | onebot_server.mixin.log_mixin:_log_notice:85 - [通知] type=group_recall group=1081097838 user=1037947227
2026-08-18 21:30:41 | INFO     | onebot_server.mixin.log_mixin:_log_notice:85 - [通知] type=group_recall group=1081097838 user=1037947227
2026-08-18 21:30:41 | INFO     | onebot_server.mixin.log_mixin:_log_notice:85 - [通知] type=group_recall group=1081097838 user=1037947227
2026-08-18 21:30:41 | INFO     | onebot_server.mixin.log_mixin:_log_notice:85 - [通知] type=group_recall group=1081097838 user=1037947227
2026-08-18 21:34:12 | INFO     | onebot_server.mixin.log_mixin:_log_notice:85 - [通知] type=group_recall group=1081097838 user=1037947227
2026-08-18 21:34:12 | INFO     | onebot_server.mixin.log_mixin:_log_notice:85 - [通知] type=group_recall group=1081097838 user=1037947227
2026-08-18 21:34:12 | INFO     | onebot_server.mixin.log_mixin:_log_notice:85 - [通知] type=group_recall group=1081097838 user=1037947227
2026-08-18 21:34:12 | INFO     | onebot_server.mixin.log_mixin:_log_notice:85 - [通知] type=group_recall group=1081097838 user=1037947227
2026-08-18 21:38:34 | INFO     | onebot_server.mixin.log_mixin:_log_notice:85 - [通知] type=group_msg_emoji_like group=1081097838 user=3771769526
2026-08-18 21:38:34 | INFO     | onebot_server.mixin.log_mixin:_log_notice:85 - [通知] type=group_msg_emoji_like group=1081097838 user=3771769526
2026-08-18 21:38:34 | INFO     | onebot_server.mixin.log_mixin:_log_notice:85 - [通知] type=group_msg_emoji_like group=1081097838 user=3771769526
2026-08-18 21:38:34 | INFO     | onebot_server.mixin.log_mixin:_log_notice:85 - [通知] type=group_msg_emoji_like group=1081097838 user=3771769526
2026-08-18 21:49:07 | INFO     | onebot_server.mixin.log_mixin:_log_notice:85 - [通知] type=group_msg_emoji_like group=1081097838 user=2975227763
2026-08-18 21:49:07 | INFO     | onebot_server.mixin.log_mixin:_log_notice:85 - [通知] type=group_msg_emoji_like group=1081097838 user=2975227763
2026-08-18 21:49:07 | INFO     | onebot_server.mixin.log_mixin:_log_notice:85 - [通知] type=group_msg_emoji_like group=1081097838 user=2975227763
2026-08-18 21:49:07 | INFO     | onebot_server.mixin.log_mixin:_log_notice:85 - [通知] type=group_msg_emoji_like group=1081097838 user=2975227763
2026-08-18 21:59:14 | ERROR    | onebot_server.extension_manager:hot_load:119 - [ExtMgr] 热加载失败: 文件不存在 F:\onebot11_server\onebot_server\extensions\yiyan.py
2026-08-18 22:00:01 | ERROR    | onebot_server.extension_manager:_load_one:228 - [ExtMgr] 加载 yiyan 异常: cannot import name 'LogMixin' from 'onebot_server.mixin' (unknown location)
2026-08-18 22:01:31 | WARNING  | onebot_server.mixin.log_mixin:mixin_on_disconnect:49 - [LogMixin] WebSocket 已断开
2026-08-18 22:01:31 | WARNING  | onebot_server.mixin.log_mixin:mixin_on_disconnect:49 - [LogMixin] WebSocket 已断开
2026-08-18 22:01:31 | WARNING  | onebot_server.mixin.log_mixin:mixin_on_disconnect:49 - [LogMixin] WebSocket 已断开
2026-08-18 22:01:31 | WARNING  | onebot_server.mixin.log_mixin:mixin_on_disconnect:49 - [LogMixin] WebSocket 已断开
2026-08-18 22:01:31 | INFO     | onebot_server.handler:detach_client:220 - [Handler] 连接已断开
2026-08-18 22:01:31 | INFO     | onebot_server.server:_handle_connection:282 - [Server] 连接已清理 ('127.0.0.1', 64848)
2026-08-18 22:04:12 | INFO     | onebot_server.logger:init_logger:79 - 日志系统初始化完成 | 级别=INFO | 目录=logs
2026-08-18 22:04:12 | INFO     | onebot_server.server:_load_custom_mixin:184 - [Server] 加载自定义 Mixin: LogMixin
2026-08-18 22:04:12 | INFO     | onebot_server.server:_load_custom_mixin:184 - [Server] 加载自定义 Mixin: BackupMixin
2026-08-18 22:04:12 | INFO     | onebot_server.server:_load_custom_mixin:184 - [Server] 加载自定义 Mixin: ConsoleMixin
2026-08-18 22:04:12 | INFO     | onebot_server.server:_load_custom_mixin:184 - [Server] 加载自定义 Mixin: TaskMixin
2026-08-18 22:04:12 | INFO     | onebot_server.server:__init__:114 - ==================================================
2026-08-18 22:04:12 | INFO     | onebot_server.server:__init__:115 -   OneBot 11 Server 初始化完成
2026-08-18 22:04:12 | INFO     | onebot_server.server:__init__:116 -   监听: 0.0.0.0:8765
2026-08-18 22:04:12 | INFO     | onebot_server.server:__init__:117 -   Mixin: 4 个
2026-08-18 22:04:12 | INFO     | onebot_server.server:__init__:118 -   插件目录: F:\onebot11_server\onebot_server\extensions
2026-08-18 22:04:12 | INFO     | onebot_server.server:__init__:119 - ==================================================
2026-08-18 22:04:12 | INFO     | onebot_server.server:start:199 - [Server] 启动 WebSocket 服务 ws://0.0.0.0:8765/
2026-08-18 22:04:12 | INFO     | onebot_server.extension_base:ext_load:98 - [Extension] 加载: autoreply v1.0.0 — 关键词自动回复
2026-08-18 22:04:12 | INFO     | onebot_server.extension_manager:_load_one:224 - [ExtMgr] ✓ 热加载成功: autoreply (AutoReplyExtension v1.0.0)
2026-08-18 22:04:12 | INFO     | onebot_server.extension_base:ext_load:98 - [Extension] 加载: echo v1.0.0 — 复读机插件：@机器人 /echo <内容>
2026-08-18 22:04:12 | INFO     | onebot_server.extension_manager:_load_one:224 - [ExtMgr] ✓ 热加载成功: echo (EchoExtension v1.0.0)
2026-08-18 22:04:12 | INFO     | onebot_server.extension_base:ext_load:98 - [Extension] 加载: moderation v1.0.0 — 群管助手（禁言/踢人/退群，需审批）
2026-08-18 22:04:12 | INFO     | onebot_server.extension_manager:_load_one:224 - [ExtMgr] ✓ 热加载成功: moderation (ModerationExtension v1.0.0)
2026-08-18 22:04:12 | INFO     | onebot_server.extension_base:ext_load:98 - [Extension] 加载: welcome v1.0.0 — 新人入群欢迎 + 退群记录
2026-08-18 22:04:12 | INFO     | onebot_server.extension_manager:_load_one:224 - [ExtMgr] ✓ 热加载成功: welcome (WelcomeExtension v1.0.0)
2026-08-18 22:04:14 | ERROR    | onebot_server.extension_manager:_load_one:228 - [ExtMgr] 加载 yiyan 异常: cannot import name 'LogMixin' from 'onebot_server.mixin' (unknown location)
2026-08-18 22:04:14 | INFO     | onebot_server.extension_manager:cold_load_all:90 - [ExtMgr] 冷加载完成: 4/6 个插件
2026-08-18 22:04:14 | INFO     | onebot_server.server:start:203 - [Server] 冷加载插件: 4 个
2026-08-18 22:04:14 | INFO     | onebot_server.extension_manager:start_watcher:305 - [ExtMgr] 文件监控已启动 (间隔 2s)
2026-08-18 22:04:15 | INFO     | onebot_server.server:start:221 - [Server] WebSocket 服务已就绪，等待 LLOneBot 连接...
